2019-12-11 20:35:37.627 +09:00 [INF] Input Project File: Unity.InternalAPIEditorBridgeDev.002.csproj
2019-12-11 20:35:37.682 +09:00 [INF] Input Project Dir: 
2019-12-11 20:35:37.682 +09:00 [INF] Output Asembly Path: Unity.InternalAPIEditorBridgeDev.002.dll
2019-12-11 20:35:37.682 +09:00 [INF] Output Asembly Name: Unity.InternalAPIEditorBridgeDev.002
2019-12-11 20:35:37.682 +09:00 [INF] Configuration: Release
2019-12-11 20:35:37.683 +09:00 [INF] Logfile: compile.log
2019-12-11 20:35:37.683 +09:00 [INF] AssemblyNames: UnityEditor
2019-12-11 20:35:41.486 +09:00 [INF] Success
